2026-05-18 16:49:03,591 - __main__ - INFO - Инициализация LUFFY Control Tower v2.6...
2026-05-18 16:49:03,597 - db.database - CRITICAL - Критическая ошибка при инициализации БД: threads can only be started once
2026-05-18 17:00:59,946 - __main__ - INFO - Инициализация LUFFY Control Tower v2.6...
2026-05-18 17:00:59,950 - db.database - INFO - База данных успешно инициализирована (WAL-режим активен).
2026-05-18 17:00:59,953 - apscheduler.scheduler - INFO - Adding job tentatively -- it will be properly scheduled when the scheduler starts
2026-05-18 17:00:59,953 - apscheduler.scheduler - INFO - Adding job tentatively -- it will be properly scheduled when the scheduler starts
2026-05-18 17:00:59,956 - apscheduler.scheduler - INFO - Adding job tentatively -- it will be properly scheduled when the scheduler starts
2026-05-18 17:00:59,956 - apscheduler.scheduler - INFO - Adding job tentatively -- it will be properly scheduled when the scheduler starts
2026-05-18 17:00:59,956 - apscheduler.scheduler - INFO - Adding job tentatively -- it will be properly scheduled when the scheduler starts
2026-05-18 17:00:59,956 - apscheduler.scheduler - INFO - Adding job tentatively -- it will be properly scheduled when the scheduler starts
2026-05-18 17:00:59,956 - apscheduler.scheduler - INFO - Adding job tentatively -- it will be properly scheduled when the scheduler starts
2026-05-18 17:00:59,956 - apscheduler.scheduler - INFO - Adding job tentatively -- it will be properly scheduled when the scheduler starts
2026-05-18 17:00:59,957 - apscheduler.scheduler - INFO - Adding job tentatively -- it will be properly scheduled when the scheduler starts
2026-05-18 17:00:59,957 - apscheduler.scheduler - INFO - Adding job tentatively -- it will be properly scheduled when the scheduler starts
2026-05-18 17:00:59,957 - apscheduler.scheduler - INFO - Added job "check_disk_space" to job store "default"
2026-05-18 17:00:59,957 - apscheduler.scheduler - INFO - Added job "external_port_knocker" to job store "default"
2026-05-18 17:00:59,958 - apscheduler.scheduler - INFO - Added job "check_billing" to job store "default"
2026-05-18 17:00:59,958 - apscheduler.scheduler - INFO - Added job "MarzbanManager.check_traffic_anomalies" to job store "default"
2026-05-18 17:00:59,958 - apscheduler.scheduler - INFO - Added job "check_decoy_watchdog" to job store "default"
2026-05-18 17:00:59,958 - apscheduler.scheduler - INFO - Added job "check_ssl_expiry" to job store "default"
2026-05-18 17:00:59,958 - apscheduler.scheduler - INFO - Added job "check_link_latency" to job store "default"
2026-05-18 17:00:59,958 - apscheduler.scheduler - INFO - Added job "auto_ban_scanners" to job store "default"
2026-05-18 17:00:59,958 - apscheduler.scheduler - INFO - Added job "ssh_audit" to job store "default"
2026-05-18 17:00:59,958 - apscheduler.scheduler - INFO - Added job "backup_database" to job store "default"
2026-05-18 17:00:59,958 - apscheduler.scheduler - INFO - Scheduler started
2026-05-18 17:00:59,958 - services.monitor - INFO - APScheduler успешно запущен. Фоновые задачи активированы.
2026-05-18 17:00:59,958 - __main__ - INFO - Запуск Aiogram бота...
2026-05-18 17:00:59,960 - __main__ - ERROR - Ошибка во время выполнения: Config.__init__() got an unexpected keyword argument 'handle_signals'
2026-05-18 17:00:59,960 - services.monitor - INFO - APScheduler корректно остановлен.
2026-05-18 17:00:59,960 - apscheduler.scheduler - INFO - Scheduler has been shut down
2026-05-18 17:01:00,214 - __main__ - INFO - Сессия бота закрыта.
2026-05-18 17:04:39,940 - __main__ - INFO - Инициализация LUFFY Control Tower v2.6...
2026-05-18 17:04:39,942 - db.database - INFO - База данных успешно инициализирована (WAL-режим активен).
2026-05-18 17:04:39,943 - apscheduler.scheduler - INFO - Adding job tentatively -- it will be properly scheduled when the scheduler starts
2026-05-18 17:04:39,944 - apscheduler.scheduler - INFO - Adding job tentatively -- it will be properly scheduled when the scheduler starts
2026-05-18 17:04:39,946 - apscheduler.scheduler - INFO - Adding job tentatively -- it will be properly scheduled when the scheduler starts
2026-05-18 17:04:39,946 - apscheduler.scheduler - INFO - Adding job tentatively -- it will be properly scheduled when the scheduler starts
2026-05-18 17:04:39,946 - apscheduler.scheduler - INFO - Adding job tentatively -- it will be properly scheduled when the scheduler starts
2026-05-18 17:04:39,946 - apscheduler.scheduler - INFO - Adding job tentatively -- it will be properly scheduled when the scheduler starts
2026-05-18 17:04:39,946 - apscheduler.scheduler - INFO - Adding job tentatively -- it will be properly scheduled when the scheduler starts
2026-05-18 17:04:39,946 - apscheduler.scheduler - INFO - Adding job tentatively -- it will be properly scheduled when the scheduler starts
2026-05-18 17:04:39,946 - apscheduler.scheduler - INFO - Adding job tentatively -- it will be properly scheduled when the scheduler starts
2026-05-18 17:04:39,946 - apscheduler.scheduler - INFO - Adding job tentatively -- it will be properly scheduled when the scheduler starts
2026-05-18 17:04:39,947 - apscheduler.scheduler - INFO - Added job "check_disk_space" to job store "default"
2026-05-18 17:04:39,947 - apscheduler.scheduler - INFO - Added job "external_port_knocker" to job store "default"
2026-05-18 17:04:39,947 - apscheduler.scheduler - INFO - Added job "check_billing" to job store "default"
2026-05-18 17:04:39,947 - apscheduler.scheduler - INFO - Added job "MarzbanManager.check_traffic_anomalies" to job store "default"
2026-05-18 17:04:39,947 - apscheduler.scheduler - INFO - Added job "check_decoy_watchdog" to job store "default"
2026-05-18 17:04:39,947 - apscheduler.scheduler - INFO - Added job "check_ssl_expiry" to job store "default"
2026-05-18 17:04:39,947 - apscheduler.scheduler - INFO - Added job "check_link_latency" to job store "default"
2026-05-18 17:04:39,947 - apscheduler.scheduler - INFO - Added job "auto_ban_scanners" to job store "default"
2026-05-18 17:04:39,947 - apscheduler.scheduler - INFO - Added job "ssh_audit" to job store "default"
2026-05-18 17:04:39,948 - apscheduler.scheduler - INFO - Added job "backup_database" to job store "default"
2026-05-18 17:04:39,948 - apscheduler.scheduler - INFO - Scheduler started
2026-05-18 17:04:39,948 - services.monitor - INFO - APScheduler успешно запущен. Фоновые задачи активированы.
2026-05-18 17:04:39,948 - __main__ - INFO - Запуск FastAPI сервера на порту 8080...
2026-05-18 17:04:39,962 - __main__ - INFO - Запуск Aiogram бота...
2026-05-18 17:04:39,967 - services.monitor - INFO - APScheduler корректно остановлен.
2026-05-18 17:04:39,967 - apscheduler.scheduler - INFO - Scheduler has been shut down
2026-05-18 17:04:40,218 - __main__ - INFO - Сессия бота закрыта.
2026-05-18 17:04:40,221 - __main__ - INFO - LUFFY Control Tower корректно остановлен.
2026-05-18 17:04:41,743 - asyncio - ERROR - Task exception was never retrieved
future: <Task finished name='Task-1' coro=<main() done, defined at C:\Users\Vol\projects\service_vpn\main.py:79> exception=SystemExit(1)>
Traceback (most recent call last):
  File "C:\Users\Vol\projects\service_vpn\.venv\Lib\site-packages\uvicorn\server.py", line 172, in startup
    server = await loop.create_server(
             ^^^^^^^^^^^^^^^^^^^^^^^^^
    ...<5 lines>...
    )
    ^
  File "C:\Users\Vol\AppData\Local\Programs\Python\Python313\Lib\asyncio\base_events.py", line 1630, in create_server
    raise OSError(err.errno, msg) from None
PermissionError: [Errno 13] error while attempting to bind on address ('127.0.0.1', 8080): [winerror 10013] сделана попытка доступа к сокету методом, запрещенным правами доступа

During handling of the above exception, another exception occurred:

Traceback (most recent call last):
  File "C:\Users\Vol\projects\service_vpn\main.py", line 105, in <module>
    asyncio.run(main())
    ~~~~~~~~~~~^^^^^^^^
  File "C:\Users\Vol\AppData\Local\Programs\Python\Python313\Lib\asyncio\runners.py", line 194, in run
    with Runner(debug=debug, loop_factory=loop_factory) as runner:
         ~~~~~~^^^^^^^^^^^^^^^^^^^^^^^^^^^^^^^^^^^^^^^^
  File "C:\Users\Vol\AppData\Local\Programs\Python\Python313\Lib\asyncio\runners.py", line 62, in __exit__
    self.close()
    ~~~~~~~~~~^^
  File "C:\Users\Vol\AppData\Local\Programs\Python\Python313\Lib\asyncio\runners.py", line 70, in close
    _cancel_all_tasks(loop)
    ~~~~~~~~~~~~~~~~~^^^^^^
  File "C:\Users\Vol\AppData\Local\Programs\Python\Python313\Lib\asyncio\runners.py", line 206, in _cancel_all_tasks
    loop.run_until_complete(tasks.gather(*to_cancel, return_exceptions=True))
    ~~~~~~~~~~~~~~~~~~~~~~~^^^^^^^^^^^^^^^^^^^^^^^^^^^^^^^^^^^^^^^^^^^^^^^^^^
  File "C:\Users\Vol\AppData\Local\Programs\Python\Python313\Lib\asyncio\base_events.py", line 712, in run_until_complete
    self.run_forever()
    ~~~~~~~~~~~~~~~~^^
  File "C:\Users\Vol\AppData\Local\Programs\Python\Python313\Lib\asyncio\base_events.py", line 683, in run_forever
    self._run_once()
    ~~~~~~~~~~~~~~^^
  File "C:\Users\Vol\AppData\Local\Programs\Python\Python313\Lib\asyncio\base_events.py", line 2050, in _run_once
    handle._run()
    ~~~~~~~~~~~^^
  File "C:\Users\Vol\AppData\Local\Programs\Python\Python313\Lib\asyncio\events.py", line 89, in _run
    self._context.run(self._callback, *self._args)
    ~~~~~~~~~~~~~~~~~^^^^^^^^^^^^^^^^^^^^^^^^^^^^^
  File "C:\Users\Vol\projects\service_vpn\main.py", line 91, in main
    await asyncio.gather(
    ...<2 lines>...
    )
  File "C:\Users\Vol\AppData\Local\Programs\Python\Python313\Lib\asyncio\runners.py", line 195, in run
    return runner.run(main)
           ~~~~~~~~~~^^^^^^
  File "C:\Users\Vol\AppData\Local\Programs\Python\Python313\Lib\asyncio\runners.py", line 118, in run
    return self._loop.run_until_complete(task)
           ~~~~~~~~~~~~~~~~~~~~~~~~~~~~~^^^^^^
  File "C:\Users\Vol\AppData\Local\Programs\Python\Python313\Lib\asyncio\base_events.py", line 712, in run_until_complete
    self.run_forever()
    ~~~~~~~~~~~~~~~~^^
  File "C:\Users\Vol\AppData\Local\Programs\Python\Python313\Lib\asyncio\base_events.py", line 683, in run_forever
    self._run_once()
    ~~~~~~~~~~~~~~^^
  File "C:\Users\Vol\AppData\Local\Programs\Python\Python313\Lib\asyncio\base_events.py", line 2050, in _run_once
    handle._run()
    ~~~~~~~~~~~^^
  File "C:\Users\Vol\AppData\Local\Programs\Python\Python313\Lib\asyncio\events.py", line 89, in _run
    self._context.run(self._callback, *self._args)
    ~~~~~~~~~~~~~~~~~^^^^^^^^^^^^^^^^^^^^^^^^^^^^^
  File "C:\Users\Vol\projects\service_vpn\main.py", line 69, in start_fastapi
    await server.serve()
  File "C:\Users\Vol\projects\service_vpn\.venv\Lib\site-packages\uvicorn\server.py", line 79, in serve
    await self._serve(sockets)
  File "C:\Users\Vol\projects\service_vpn\.venv\Lib\site-packages\uvicorn\server.py", line 94, in _serve
    await self.startup(sockets=sockets)
  File "C:\Users\Vol\projects\service_vpn\.venv\Lib\site-packages\uvicorn\server.py", line 182, in startup
    sys.exit(1)
    ~~~~~~~~^^^
SystemExit: 1
2026-05-18 17:05:17,749 - __main__ - INFO - Инициализация LUFFY Control Tower v2.6...
2026-05-18 17:05:17,752 - db.database - INFO - База данных успешно инициализирована (WAL-режим активен).
2026-05-18 17:05:17,754 - apscheduler.scheduler - INFO - Adding job tentatively -- it will be properly scheduled when the scheduler starts
2026-05-18 17:05:17,754 - apscheduler.scheduler - INFO - Adding job tentatively -- it will be properly scheduled when the scheduler starts
2026-05-18 17:05:17,757 - apscheduler.scheduler - INFO - Adding job tentatively -- it will be properly scheduled when the scheduler starts
2026-05-18 17:05:17,758 - apscheduler.scheduler - INFO - Adding job tentatively -- it will be properly scheduled when the scheduler starts
2026-05-18 17:05:17,758 - apscheduler.scheduler - INFO - Adding job tentatively -- it will be properly scheduled when the scheduler starts
2026-05-18 17:05:17,758 - apscheduler.scheduler - INFO - Adding job tentatively -- it will be properly scheduled when the scheduler starts
2026-05-18 17:05:17,758 - apscheduler.scheduler - INFO - Adding job tentatively -- it will be properly scheduled when the scheduler starts
2026-05-18 17:05:17,758 - apscheduler.scheduler - INFO - Adding job tentatively -- it will be properly scheduled when the scheduler starts
2026-05-18 17:05:17,758 - apscheduler.scheduler - INFO - Adding job tentatively -- it will be properly scheduled when the scheduler starts
2026-05-18 17:05:17,758 - apscheduler.scheduler - INFO - Adding job tentatively -- it will be properly scheduled when the scheduler starts
2026-05-18 17:05:17,759 - apscheduler.scheduler - INFO - Added job "check_disk_space" to job store "default"
2026-05-18 17:05:17,759 - apscheduler.scheduler - INFO - Added job "external_port_knocker" to job store "default"
2026-05-18 17:05:17,759 - apscheduler.scheduler - INFO - Added job "check_billing" to job store "default"
2026-05-18 17:05:17,759 - apscheduler.scheduler - INFO - Added job "MarzbanManager.check_traffic_anomalies" to job store "default"
2026-05-18 17:05:17,759 - apscheduler.scheduler - INFO - Added job "check_decoy_watchdog" to job store "default"
2026-05-18 17:05:17,759 - apscheduler.scheduler - INFO - Added job "check_ssl_expiry" to job store "default"
2026-05-18 17:05:17,759 - apscheduler.scheduler - INFO - Added job "check_link_latency" to job store "default"
2026-05-18 17:05:17,760 - apscheduler.scheduler - INFO - Added job "auto_ban_scanners" to job store "default"
2026-05-18 17:05:17,760 - apscheduler.scheduler - INFO - Added job "ssh_audit" to job store "default"
2026-05-18 17:05:17,760 - apscheduler.scheduler - INFO - Added job "backup_database" to job store "default"
2026-05-18 17:05:17,760 - apscheduler.scheduler - INFO - Scheduler started
2026-05-18 17:05:17,760 - services.monitor - INFO - APScheduler успешно запущен. Фоновые задачи активированы.
2026-05-18 17:05:17,761 - __main__ - INFO - Запуск FastAPI сервера на 127.0.0.1:8085...
2026-05-18 17:05:17,779 - __main__ - INFO - Запуск Aiogram бота...
2026-05-18 17:05:19,266 - __main__ - ERROR - Ошибка во время выполнения: Telegram server says - Unauthorized
2026-05-18 17:05:19,267 - services.monitor - INFO - APScheduler корректно остановлен.
2026-05-18 17:05:19,267 - apscheduler.scheduler - INFO - Scheduler has been shut down
2026-05-18 17:05:19,530 - __main__ - INFO - Сессия бота закрыта.
2026-05-18 17:05:29,775 - __main__ - INFO - Инициализация LUFFY Control Tower v2.6...
2026-05-18 17:05:29,777 - db.database - INFO - База данных успешно инициализирована (WAL-режим активен).
2026-05-18 17:05:29,780 - apscheduler.scheduler - INFO - Adding job tentatively -- it will be properly scheduled when the scheduler starts
2026-05-18 17:05:29,780 - apscheduler.scheduler - INFO - Adding job tentatively -- it will be properly scheduled when the scheduler starts
2026-05-18 17:05:29,783 - apscheduler.scheduler - INFO - Adding job tentatively -- it will be properly scheduled when the scheduler starts
2026-05-18 17:05:29,783 - apscheduler.scheduler - INFO - Adding job tentatively -- it will be properly scheduled when the scheduler starts
2026-05-18 17:05:29,783 - apscheduler.scheduler - INFO - Adding job tentatively -- it will be properly scheduled when the scheduler starts
2026-05-18 17:05:29,783 - apscheduler.scheduler - INFO - Adding job tentatively -- it will be properly scheduled when the scheduler starts
2026-05-18 17:05:29,783 - apscheduler.scheduler - INFO - Adding job tentatively -- it will be properly scheduled when the scheduler starts
2026-05-18 17:05:29,784 - apscheduler.scheduler - INFO - Adding job tentatively -- it will be properly scheduled when the scheduler starts
2026-05-18 17:05:29,784 - apscheduler.scheduler - INFO - Adding job tentatively -- it will be properly scheduled when the scheduler starts
2026-05-18 17:05:29,784 - apscheduler.scheduler - INFO - Adding job tentatively -- it will be properly scheduled when the scheduler starts
2026-05-18 17:05:29,784 - apscheduler.scheduler - INFO - Added job "check_disk_space" to job store "default"
2026-05-18 17:05:29,784 - apscheduler.scheduler - INFO - Added job "external_port_knocker" to job store "default"
2026-05-18 17:05:29,785 - apscheduler.scheduler - INFO - Added job "check_billing" to job store "default"
2026-05-18 17:05:29,785 - apscheduler.scheduler - INFO - Added job "MarzbanManager.check_traffic_anomalies" to job store "default"
2026-05-18 17:05:29,785 - apscheduler.scheduler - INFO - Added job "check_decoy_watchdog" to job store "default"
2026-05-18 17:05:29,785 - apscheduler.scheduler - INFO - Added job "check_ssl_expiry" to job store "default"
2026-05-18 17:05:29,785 - apscheduler.scheduler - INFO - Added job "check_link_latency" to job store "default"
2026-05-18 17:05:29,785 - apscheduler.scheduler - INFO - Added job "auto_ban_scanners" to job store "default"
2026-05-18 17:05:29,785 - apscheduler.scheduler - INFO - Added job "ssh_audit" to job store "default"
2026-05-18 17:05:29,785 - apscheduler.scheduler - INFO - Added job "backup_database" to job store "default"
2026-05-18 17:05:29,785 - apscheduler.scheduler - INFO - Scheduler started
2026-05-18 17:05:29,785 - services.monitor - INFO - APScheduler успешно запущен. Фоновые задачи активированы.
2026-05-18 17:05:29,786 - __main__ - INFO - Запуск FastAPI сервера на 127.0.0.1:8085...
2026-05-18 17:05:29,802 - __main__ - INFO - Запуск Aiogram бота...
2026-05-18 17:05:30,756 - __main__ - ERROR - Критическая ошибка запуска Telegram-бота: Telegram server says - Unauthorized. Проверьте правильность BOT_TOKEN в файле .env
2026-05-18 17:08:20,136 - __main__ - INFO - Инициализация LUFFY Control Tower v2.6...
2026-05-18 17:08:20,139 - db.database - INFO - База данных успешно инициализирована (WAL-режим активен).
2026-05-18 17:08:20,141 - apscheduler.scheduler - INFO - Adding job tentatively -- it will be properly scheduled when the scheduler starts
2026-05-18 17:08:20,141 - apscheduler.scheduler - INFO - Adding job tentatively -- it will be properly scheduled when the scheduler starts
2026-05-18 17:08:20,144 - apscheduler.scheduler - INFO - Adding job tentatively -- it will be properly scheduled when the scheduler starts
2026-05-18 17:08:20,145 - apscheduler.scheduler - INFO - Adding job tentatively -- it will be properly scheduled when the scheduler starts
2026-05-18 17:08:20,145 - apscheduler.scheduler - INFO - Adding job tentatively -- it will be properly scheduled when the scheduler starts
2026-05-18 17:08:20,145 - apscheduler.scheduler - INFO - Adding job tentatively -- it will be properly scheduled when the scheduler starts
2026-05-18 17:08:20,145 - apscheduler.scheduler - INFO - Adding job tentatively -- it will be properly scheduled when the scheduler starts
2026-05-18 17:08:20,145 - apscheduler.scheduler - INFO - Adding job tentatively -- it will be properly scheduled when the scheduler starts
2026-05-18 17:08:20,145 - apscheduler.scheduler - INFO - Adding job tentatively -- it will be properly scheduled when the scheduler starts
2026-05-18 17:08:20,145 - apscheduler.scheduler - INFO - Adding job tentatively -- it will be properly scheduled when the scheduler starts
2026-05-18 17:08:20,146 - apscheduler.scheduler - INFO - Added job "check_disk_space" to job store "default"
2026-05-18 17:08:20,146 - apscheduler.scheduler - INFO - Added job "external_port_knocker" to job store "default"
2026-05-18 17:08:20,146 - apscheduler.scheduler - INFO - Added job "check_billing" to job store "default"
2026-05-18 17:08:20,146 - apscheduler.scheduler - INFO - Added job "MarzbanManager.check_traffic_anomalies" to job store "default"
2026-05-18 17:08:20,146 - apscheduler.scheduler - INFO - Added job "check_decoy_watchdog" to job store "default"
2026-05-18 17:08:20,147 - apscheduler.scheduler - INFO - Added job "check_ssl_expiry" to job store "default"
2026-05-18 17:08:20,147 - apscheduler.scheduler - INFO - Added job "check_link_latency" to job store "default"
2026-05-18 17:08:20,147 - apscheduler.scheduler - INFO - Added job "auto_ban_scanners" to job store "default"
2026-05-18 17:08:20,147 - apscheduler.scheduler - INFO - Added job "ssh_audit" to job store "default"
2026-05-18 17:08:20,147 - apscheduler.scheduler - INFO - Added job "backup_database" to job store "default"
2026-05-18 17:08:20,147 - apscheduler.scheduler - INFO - Scheduler started
2026-05-18 17:08:20,147 - services.monitor - INFO - APScheduler успешно запущен. Фоновые задачи активированы.
2026-05-18 17:08:20,148 - __main__ - INFO - Запуск FastAPI сервера на 127.0.0.1:8085...
2026-05-18 17:08:20,166 - __main__ - INFO - Запуск Aiogram бота...
2026-05-18 17:08:20,848 - __main__ - ERROR - Критическая ошибка запуска Telegram-бота: Telegram server says - Unauthorized. Проверьте правильность BOT_TOKEN в файле .env
2026-05-18 17:13:20,156 - apscheduler.executors.default - INFO - Running job "check_decoy_watchdog (trigger: interval[0:05:00], next run at: 2026-05-18 17:18:20 MSK)" (scheduled at 2026-05-18 17:13:20.145079+03:00)
2026-05-18 17:13:20,157 - services.monitor - INFO - Запуск Decoy Watchdog...
2026-05-18 17:13:20,164 - apscheduler.executors.default - INFO - Job "check_decoy_watchdog (trigger: interval[0:05:00], next run at: 2026-05-18 17:18:20 MSK)" executed successfully
2026-05-18 17:18:20,158 - apscheduler.executors.default - INFO - Running job "check_decoy_watchdog (trigger: interval[0:05:00], next run at: 2026-05-18 17:23:20 MSK)" (scheduled at 2026-05-18 17:18:20.145079+03:00)
2026-05-18 17:18:20,159 - services.monitor - INFO - Запуск Decoy Watchdog...
2026-05-18 17:18:20,183 - apscheduler.executors.default - INFO - Job "check_decoy_watchdog (trigger: interval[0:05:00], next run at: 2026-05-18 17:23:20 MSK)" executed successfully
